// Jest Snapshot v1, https://goo.gl/fbAQLP

exports[`DropDown renders 1`] = `
<DocumentFragment>
  <div
    class="dropdown"
  >
    <button
      class="dropdown-toggle btn btn-primary"
      style=""
      type="button"
    >
      Button
    </button>
  </div>
</DocumentFragment>
`;
